// Jest Snapshot v1, https://goo.gl/fbAQLP

exports[`Shallow rendered Contact should render match snapshot 1`] = `
<div
  className="container-fluid"
  style={
    Object {
      "alignItems": "center",
      "background": "#61234e",
      "display": "flex",
      "flexDirection": "column",
      "height": "inherit",
      "justifyContent": "center",
    }
  }
>
  <h1
    style={
      Object {
        "color": "#ebfffb",
        "fontSize": "3rem",
        "marginBottom": "0",
        "marginTop": "20px",
        "textAlign": "center",
      }
    }
  >
    Want to hire me ?
  </h1>
  <form
    className=""
    onSubmit={[Function]}
    style={
      Object {
        "background": "#ebfffb",
        "borderRadius": "5px",
        "margin": "50px",
        "padding": "30px",
      }
    }
  >
    <div
      className="form-group"
      style={
        Object {
          "width": "50vw",
        }
      }
    >
      <label
        className="form-label"
      >
        Email
      </label>
      <input
        className="form-control"
        name="email"
        onChange={[Function]}
        placeholder="name@example.com"
        type="email"
        value=""
      />
    </div>
    <div
      className="form-group"
      style={
        Object {
          "width": "50vw",
        }
      }
    >
      <label
        className="form-label"
      >
        Name
      </label>
      <input
        className="form-control"
        name="name"
        onChange={[Function]}
        placeholder="John Doe"
        type="text"
        value=""
      />
    </div>
    <div
      className="form-group"
      style={
        Object {
          "width": "50vw",
        }
      }
    >
      <label
        className="form-label"
      >
        Message
      </label>
      <textarea
        className="form-control"
        name="content"
        onChange={[Function]}
        rows="3"
        value=""
      />
    </div>
    <button
      className="btn btn-danger"
      disabled={false}
      id="contact-button"
      style={
        Object {
          "background": "#61234e!important",
          "width": "50vw",
        }
      }
      type="submit"
    >
      SUBMIT
    </button>
  </form>
</div>
`;
